------------------------------------------------------------
Timing Analyzer Summary
------------------------------------------------------------

Type  : Slow 1200mV 100C Model Setup 'LTC2208_122MHz'
Slack : 1.205
TNS   : 0.000

Type  : Slow 1200mV 100C Model Setup 'PLL_IF_inst|altpll_component|auto_generated|pll1|clk[0]'
Slack : 1.545
TNS   : 0.000

Type  : Slow 1200mV 100C Model Setup 'PHY_RX_CLOCK'
Slack : 1.598
TNS   : 0.000

Type  : Slow 1200mV 100C Model Setup '_122MHz'
Slack : 1.748
TNS   : 0.000

Type  : Slow 1200mV 100C Model Setup 'network_inst|tx_pll_inst|altpll_component|auto_generated|pll1|clk[0]'
Slack : 2.299
TNS   : 0.000

Type  : Slow 1200mV 100C Model Setup 'tx_clock'
Slack : 2.833
TNS   : 0.000

Type  : Slow 1200mV 100C Model Setup 'network_inst|tx_pll_inst|altpll_component|auto_generated|pll1|clk[2]'
Slack : 2.895
TNS   : 0.000

Type  : Slow 1200mV 100C Model Setup 'data_clk2'
Slack : 13.154
TNS   : 0.000

Type  : Slow 1200mV 100C Model Setup 'PLL_30MHz_inst|altpll_component|auto_generated|pll1|clk[0]'
Slack : 13.485
TNS   : 0.000

Type  : Slow 1200mV 100C Model Setup 'CLOCK_25MHZ'
Slack : 36.662
TNS   : 0.000

Type  : Slow 1200mV 100C Model Setup 'data_clk'
Slack : 56.176
TNS   : 0.000

Type  : Slow 1200mV 100C Model Setup 'PLL_IF_inst|altpll_component|auto_generated|pll1|clk[2]'
Slack : 73.895
TNS   : 0.000

Type  : Slow 1200mV 100C Model Setup 'PLL_IF_inst|altpll_component|auto_generated|pll1|clk[1]'
Slack : 76.602
TNS   : 0.000

Type  : Slow 1200mV 100C Model Setup 'PLL_IF_inst|altpll_component|auto_generated|pll1|clk[3]'
Slack : 76.752
TNS   : 0.000

Type  : Slow 1200mV 100C Model Setup 'network_inst|tx_pll_inst|altpll_component|auto_generated|pll1|clk[3]'
Slack : 140.050
TNS   : 0.000

Type  : Slow 1200mV 100C Model Hold 'PLL_IF_inst|altpll_component|auto_generated|pll1|clk[2]'
Slack : 0.334
TNS   : 0.000

Type  : Slow 1200mV 100C Model Hold 'network_inst|tx_pll_inst|altpll_component|auto_generated|pll1|clk[2]'
Slack : 0.362
TNS   : 0.000

Type  : Slow 1200mV 100C Model Hold 'network_inst|tx_pll_inst|altpll_component|auto_generated|pll1|clk[0]'
Slack : 0.375
TNS   : 0.000

Type  : Slow 1200mV 100C Model Hold 'tx_clock'
Slack : 0.375
TNS   : 0.000

Type  : Slow 1200mV 100C Model Hold 'PLL_IF_inst|altpll_component|auto_generated|pll1|clk[1]'
Slack : 0.406
TNS   : 0.000

Type  : Slow 1200mV 100C Model Hold 'PLL_IF_inst|altpll_component|auto_generated|pll1|clk[3]'
Slack : 0.407
TNS   : 0.000

Type  : Slow 1200mV 100C Model Hold 'PLL_30MHz_inst|altpll_component|auto_generated|pll1|clk[0]'
Slack : 0.409
TNS   : 0.000

Type  : Slow 1200mV 100C Model Hold 'network_inst|tx_pll_inst|altpll_component|auto_generated|pll1|clk[3]'
Slack : 0.410
TNS   : 0.000

Type  : Slow 1200mV 100C Model Hold 'CLOCK_25MHZ'
Slack : 0.413
TNS   : 0.000

Type  : Slow 1200mV 100C Model Hold 'LTC2208_122MHz'
Slack : 1.002
TNS   : 0.000

Type  : Slow 1200mV 100C Model Hold 'PHY_RX_CLOCK'
Slack : 1.148
TNS   : 0.000

Type  : Slow 1200mV 100C Model Hold 'PLL_IF_inst|altpll_component|auto_generated|pll1|clk[0]'
Slack : 1.885
TNS   : 0.000

Type  : Slow 1200mV 100C Model Hold '_122MHz'
Slack : 6.047
TNS   : 0.000

Type  : Slow 1200mV 100C Model Hold 'data_clk'
Slack : 14.018
TNS   : 0.000

Type  : Slow 1200mV 100C Model Hold 'data_clk2'
Slack : 16.147
TNS   : 0.000

Type  : Slow 1200mV 100C Model Recovery 'network_inst|tx_pll_inst|altpll_component|auto_generated|pll1|clk[0]'
Slack : 1.075
TNS   : 0.000

Type  : Slow 1200mV 100C Model Recovery 'PHY_RX_CLOCK'
Slack : 4.995
TNS   : 0.000

Type  : Slow 1200mV 100C Model Recovery 'LTC2208_122MHz'
Slack : 9.889
TNS   : 0.000

Type  : Slow 1200mV 100C Model Recovery 'network_inst|tx_pll_inst|altpll_component|auto_generated|pll1|clk[2]'
Slack : 36.167
TNS   : 0.000

Type  : Slow 1200mV 100C Model Removal 'network_inst|tx_pll_inst|altpll_component|auto_generated|pll1|clk[0]'
Slack : 1.651
TNS   : 0.000

Type  : Slow 1200mV 100C Model Removal 'PHY_RX_CLOCK'
Slack : 2.323
TNS   : 0.000

Type  : Slow 1200mV 100C Model Removal 'LTC2208_122MHz'
Slack : 3.601
TNS   : 0.000

Type  : Slow 1200mV 100C Model Removal 'network_inst|tx_pll_inst|altpll_component|auto_generated|pll1|clk[2]'
Slack : 41.900
TNS   : 0.000

Type  : Slow 1200mV 100C Model Minimum Pulse Width 'PHY_RX_CLOCK'
Slack : 3.470
TNS   : 0.000

Type  : Slow 1200mV 100C Model Minimum Pulse Width 'LTC2208_122MHz'
Slack : 3.487
TNS   : 0.000

Type  : Slow 1200mV 100C Model Minimum Pulse Width 'network_inst|tx_pll_inst|altpll_component|auto_generated|pll1|clk[0]'
Slack : 3.693
TNS   : 0.000

Type  : Slow 1200mV 100C Model Minimum Pulse Width 'tx_clock'
Slack : 3.693
TNS   : 0.000

Type  : Slow 1200mV 100C Model Minimum Pulse Width 'PLL_IF_inst|altpll_component|auto_generated|pll1|clk[0]'
Slack : 3.757
TNS   : 0.000

Type  : Slow 1200mV 100C Model Minimum Pulse Width 'PHY_CLK125'
Slack : 3.813
TNS   : 0.000

Type  : Slow 1200mV 100C Model Minimum Pulse Width '_122MHz'
Slack : 3.874
TNS   : 0.000

Type  : Slow 1200mV 100C Model Minimum Pulse Width 'LTC2208_122MHz_2'
Slack : 4.138
TNS   : 0.000

Type  : Slow 1200mV 100C Model Minimum Pulse Width 'PLL_30MHz_inst|altpll_component|auto_generated|pll1|clk[0]'
Slack : 15.970
TNS   : 0.000

Type  : Slow 1200mV 100C Model Minimum Pulse Width 'CLOCK_25MHZ'
Slack : 19.690
TNS   : 0.000

Type  : Slow 1200mV 100C Model Minimum Pulse Width 'network_inst|tx_pll_inst|altpll_component|auto_generated|pll1|clk[2]'
Slack : 39.703
TNS   : 0.000

Type  : Slow 1200mV 100C Model Minimum Pulse Width 'PLL_IF_inst|altpll_component|auto_generated|pll1|clk[1]'
Slack : 40.395
TNS   : 0.000

Type  : Slow 1200mV 100C Model Minimum Pulse Width 'CMCLK'
Slack : 77.170
TNS   : 0.000

Type  : Slow 1200mV 100C Model Minimum Pulse Width 'OSC_10MHZ'
Slack : 96.000
TNS   : 0.000

Type  : Slow 1200mV 100C Model Minimum Pulse Width 'PLL_IF_inst|altpll_component|auto_generated|pll1|clk[2]'
Slack : 162.372
TNS   : 0.000

Type  : Slow 1200mV 100C Model Minimum Pulse Width 'network_inst|tx_pll_inst|altpll_component|auto_generated|pll1|clk[3]'
Slack : 199.704
TNS   : 0.000

Type  : Slow 1200mV 100C Model Minimum Pulse Width 'CBCLK'
Slack : 321.310
TNS   : 0.000

Type  : Slow 1200mV 100C Model Minimum Pulse Width 'PLL_IF_inst|altpll_component|auto_generated|pll1|clk[3]'
Slack : 10416.340
TNS   : 0.000

Type  : Slow 1200mV 100C Model Minimum Pulse Width 'CLRCIN'
Slack : 20829.070
TNS   : 0.000

Type  : Slow 1200mV 100C Model Minimum Pulse Width 'CLRCOUT'
Slack : 20829.070
TNS   : 0.000

Type  : Slow 1200mV -40C Model Setup 'PLL_IF_inst|altpll_component|auto_generated|pll1|clk[0]'
Slack : 1.946
TNS   : 0.000

Type  : Slow 1200mV -40C Model Setup 'LTC2208_122MHz'
Slack : 2.107
TNS   : 0.000

Type  : Slow 1200mV -40C Model Setup '_122MHz'
Slack : 2.354
TNS   : 0.000

Type  : Slow 1200mV -40C Model Setup 'PHY_RX_CLOCK'
Slack : 2.505
TNS   : 0.000

Type  : Slow 1200mV -40C Model Setup 'network_inst|tx_pll_inst|altpll_component|auto_generated|pll1|clk[0]'
Slack : 2.883
TNS   : 0.000

Type  : Slow 1200mV -40C Model Setup 'network_inst|tx_pll_inst|altpll_component|auto_generated|pll1|clk[2]'
Slack : 3.437
TNS   : 0.000

Type  : Slow 1200mV -40C Model Setup 'tx_clock'
Slack : 5.216
TNS   : 0.000

Type  : Slow 1200mV -40C Model Setup 'data_clk2'
Slack : 14.162
TNS   : 0.000

Type  : Slow 1200mV -40C Model Setup 'PLL_30MHz_inst|altpll_component|auto_generated|pll1|clk[0]'
Slack : 15.060
TNS   : 0.000

Type  : Slow 1200mV -40C Model Setup 'CLOCK_25MHZ'
Slack : 37.171
TNS   : 0.000

Type  : Slow 1200mV -40C Model Setup 'data_clk'
Slack : 56.666
TNS   : 0.000

Type  : Slow 1200mV -40C Model Setup 'PLL_IF_inst|altpll_component|auto_generated|pll1|clk[2]'
Slack : 74.737
TNS   : 0.000

Type  : Slow 1200mV -40C Model Setup 'PLL_IF_inst|altpll_component|auto_generated|pll1|clk[3]'
Slack : 77.168
TNS   : 0.000

Type  : Slow 1200mV -40C Model Setup 'PLL_IF_inst|altpll_component|auto_generated|pll1|clk[1]'
Slack : 77.176
TNS   : 0.000

Type  : Slow 1200mV -40C Model Setup 'network_inst|tx_pll_inst|altpll_component|auto_generated|pll1|clk[3]'
Slack : 142.413
TNS   : 0.000

Type  : Slow 1200mV -40C Model Hold 'network_inst|tx_pll_inst|altpll_component|auto_generated|pll1|clk[0]'
Slack : 0.320
TNS   : 0.000

Type  : Slow 1200mV -40C Model Hold 'tx_clock'
Slack : 0.320
TNS   : 0.000

Type  : Slow 1200mV -40C Model Hold 'PLL_IF_inst|altpll_component|auto_generated|pll1|clk[2]'
Slack : 0.321
TNS   : 0.000

Type  : Slow 1200mV -40C Model Hold 'PLL_IF_inst|altpll_component|auto_generated|pll1|clk[1]'
Slack : 0.335
TNS   : 0.000

Type  : Slow 1200mV -40C Model Hold 'PLL_IF_inst|altpll_component|auto_generated|pll1|clk[3]'
Slack : 0.335
TNS   : 0.000

Type  : Slow 1200mV -40C Model Hold 'network_inst|tx_pll_inst|altpll_component|auto_generated|pll1|clk[2]'
Slack : 0.335
TNS   : 0.000

Type  : Slow 1200mV -40C Model Hold 'PLL_30MHz_inst|altpll_component|auto_generated|pll1|clk[0]'
Slack : 0.336
TNS   : 0.000

Type  : Slow 1200mV -40C Model Hold 'network_inst|tx_pll_inst|altpll_component|auto_generated|pll1|clk[3]'
Slack : 0.338
TNS   : 0.000

Type  : Slow 1200mV -40C Model Hold 'CLOCK_25MHZ'
Slack : 0.350
TNS   : 0.000

Type  : Slow 1200mV -40C Model Hold 'LTC2208_122MHz'
Slack : 1.070
TNS   : 0.000

Type  : Slow 1200mV -40C Model Hold 'PHY_RX_CLOCK'
Slack : 1.120
TNS   : 0.000

Type  : Slow 1200mV -40C Model Hold 'PLL_IF_inst|altpll_component|auto_generated|pll1|clk[0]'
Slack : 1.645
TNS   : 0.000

Type  : Slow 1200mV -40C Model Hold '_122MHz'
Slack : 5.597
TNS   : 0.000

Type  : Slow 1200mV -40C Model Hold 'data_clk'
Slack : 13.453
TNS   : 0.000

Type  : Slow 1200mV -40C Model Hold 'data_clk2'
Slack : 15.444
TNS   : 0.000

Type  : Slow 1200mV -40C Model Recovery 'network_inst|tx_pll_inst|altpll_component|auto_generated|pll1|clk[0]'
Slack : 2.010
TNS   : 0.000

Type  : Slow 1200mV -40C Model Recovery 'PHY_RX_CLOCK'
Slack : 5.651
TNS   : 0.000

Type  : Slow 1200mV -40C Model Recovery 'LTC2208_122MHz'
Slack : 10.763
TNS   : 0.000

Type  : Slow 1200mV -40C Model Recovery 'network_inst|tx_pll_inst|altpll_component|auto_generated|pll1|clk[2]'
Slack : 36.571
TNS   : 0.000

Type  : Slow 1200mV -40C Model Removal 'network_inst|tx_pll_inst|altpll_component|auto_generated|pll1|clk[0]'
Slack : 1.398
TNS   : 0.000

Type  : Slow 1200mV -40C Model Removal 'PHY_RX_CLOCK'
Slack : 2.132
TNS   : 0.000

Type  : Slow 1200mV -40C Model Removal 'LTC2208_122MHz'
Slack : 3.314
TNS   : 0.000

Type  : Slow 1200mV -40C Model Removal 'network_inst|tx_pll_inst|altpll_component|auto_generated|pll1|clk[2]'
Slack : 41.625
TNS   : 0.000

Type  : Slow 1200mV -40C Model Minimum Pulse Width 'PHY_RX_CLOCK'
Slack : 3.490
TNS   : 0.000

Type  : Slow 1200mV -40C Model Minimum Pulse Width 'LTC2208_122MHz'
Slack : 3.509
TNS   : 0.000

Type  : Slow 1200mV -40C Model Minimum Pulse Width 'network_inst|tx_pll_inst|altpll_component|auto_generated|pll1|clk[0]'
Slack : 3.673
TNS   : 0.000

Type  : Slow 1200mV -40C Model Minimum Pulse Width 'tx_clock'
Slack : 3.673
TNS   : 0.000

Type  : Slow 1200mV -40C Model Minimum Pulse Width 'PLL_IF_inst|altpll_component|auto_generated|pll1|clk[0]'
Slack : 3.743
TNS   : 0.000

Type  : Slow 1200mV -40C Model Minimum Pulse Width 'PHY_CLK125'
Slack : 3.806
TNS   : 0.000

Type  : Slow 1200mV -40C Model Minimum Pulse Width '_122MHz'
Slack : 3.878
TNS   : 0.000

Type  : Slow 1200mV -40C Model Minimum Pulse Width 'LTC2208_122MHz_2'
Slack : 4.138
TNS   : 0.000

Type  : Slow 1200mV -40C Model Minimum Pulse Width 'PLL_30MHz_inst|altpll_component|auto_generated|pll1|clk[0]'
Slack : 15.974
TNS   : 0.000

Type  : Slow 1200mV -40C Model Minimum Pulse Width 'CLOCK_25MHZ'
Slack : 19.699
TNS   : 0.000

Type  : Slow 1200mV -40C Model Minimum Pulse Width 'network_inst|tx_pll_inst|altpll_component|auto_generated|pll1|clk[2]'
Slack : 39.704
TNS   : 0.000

Type  : Slow 1200mV -40C Model Minimum Pulse Width 'PLL_IF_inst|altpll_component|auto_generated|pll1|clk[1]'
Slack : 40.393
TNS   : 0.000

Type  : Slow 1200mV -40C Model Minimum Pulse Width 'CMCLK'
Slack : 77.170
TNS   : 0.000

Type  : Slow 1200mV -40C Model Minimum Pulse Width 'OSC_10MHZ'
Slack : 96.000
TNS   : 0.000

Type  : Slow 1200mV -40C Model Minimum Pulse Width 'PLL_IF_inst|altpll_component|auto_generated|pll1|clk[2]'
Slack : 162.395
TNS   : 0.000

Type  : Slow 1200mV -40C Model Minimum Pulse Width 'network_inst|tx_pll_inst|altpll_component|auto_generated|pll1|clk[3]'
Slack : 199.701
TNS   : 0.000

Type  : Slow 1200mV -40C Model Minimum Pulse Width 'CBCLK'
Slack : 321.310
TNS   : 0.000

Type  : Slow 1200mV -40C Model Minimum Pulse Width 'PLL_IF_inst|altpll_component|auto_generated|pll1|clk[3]'
Slack : 10416.340
TNS   : 0.000

Type  : Slow 1200mV -40C Model Minimum Pulse Width 'CLRCIN'
Slack : 20829.070
TNS   : 0.000

Type  : Slow 1200mV -40C Model Minimum Pulse Width 'CLRCOUT'
Slack : 20829.070
TNS   : 0.000

Type  : Fast 1200mV -40C Model Setup 'PLL_IF_inst|altpll_component|auto_generated|pll1|clk[0]'
Slack : 2.854
TNS   : 0.000

Type  : Fast 1200mV -40C Model Setup 'LTC2208_122MHz'
Slack : 3.904
TNS   : 0.000

Type  : Fast 1200mV -40C Model Setup '_122MHz'
Slack : 4.448
TNS   : 0.000

Type  : Fast 1200mV -40C Model Setup 'network_inst|tx_pll_inst|altpll_component|auto_generated|pll1|clk[0]'
Slack : 5.216
TNS   : 0.000

Type  : Fast 1200mV -40C Model Setup 'network_inst|tx_pll_inst|altpll_component|auto_generated|pll1|clk[2]'
Slack : 5.597
TNS   : 0.000

Type  : Fast 1200mV -40C Model Setup 'PHY_RX_CLOCK'
Slack : 6.012
TNS   : 0.000

Type  : Fast 1200mV -40C Model Setup 'tx_clock'
Slack : 12.788
TNS   : 0.000

Type  : Fast 1200mV -40C Model Setup 'PLL_30MHz_inst|altpll_component|auto_generated|pll1|clk[0]'
Slack : 17.481
TNS   : 0.000

Type  : Fast 1200mV -40C Model Setup 'data_clk2'
Slack : 17.581
TNS   : 0.000

Type  : Fast 1200mV -40C Model Setup 'CLOCK_25MHZ'
Slack : 38.476
TNS   : 0.000

Type  : Fast 1200mV -40C Model Setup 'data_clk'
Slack : 58.718
TNS   : 0.000

Type  : Fast 1200mV -40C Model Setup 'PLL_IF_inst|altpll_component|auto_generated|pll1|clk[2]'
Slack : 77.678
TNS   : 0.000

Type  : Fast 1200mV -40C Model Setup 'PLL_IF_inst|altpll_component|auto_generated|pll1|clk[3]'
Slack : 79.046
TNS   : 0.000

Type  : Fast 1200mV -40C Model Setup 'PLL_IF_inst|altpll_component|auto_generated|pll1|clk[1]'
Slack : 79.144
TNS   : 0.000

Type  : Fast 1200mV -40C Model Setup 'network_inst|tx_pll_inst|altpll_component|auto_generated|pll1|clk[3]'
Slack : 149.646
TNS   : 0.000

Type  : Fast 1200mV -40C Model Hold 'PLL_IF_inst|altpll_component|auto_generated|pll1|clk[2]'
Slack : 0.119
TNS   : 0.000

Type  : Fast 1200mV -40C Model Hold 'network_inst|tx_pll_inst|altpll_component|auto_generated|pll1|clk[2]'
Slack : 0.143
TNS   : 0.000

Type  : Fast 1200mV -40C Model Hold 'network_inst|tx_pll_inst|altpll_component|auto_generated|pll1|clk[0]'
Slack : 0.148
TNS   : 0.000

Type  : Fast 1200mV -40C Model Hold 'tx_clock'
Slack : 0.148
TNS   : 0.000

Type  : Fast 1200mV -40C Model Hold 'PLL_IF_inst|altpll_component|auto_generated|pll1|clk[1]'
Slack : 0.174
TNS   : 0.000

Type  : Fast 1200mV -40C Model Hold 'PLL_IF_inst|altpll_component|auto_generated|pll1|clk[3]'
Slack : 0.174
TNS   : 0.000

Type  : Fast 1200mV -40C Model Hold 'PLL_30MHz_inst|altpll_component|auto_generated|pll1|clk[0]'
Slack : 0.175
TNS   : 0.000

Type  : Fast 1200mV -40C Model Hold 'network_inst|tx_pll_inst|altpll_component|auto_generated|pll1|clk[3]'
Slack : 0.176
TNS   : 0.000

Type  : Fast 1200mV -40C Model Hold 'CLOCK_25MHZ'
Slack : 0.179
TNS   : 0.000

Type  : Fast 1200mV -40C Model Hold 'LTC2208_122MHz'
Slack : 0.315
TNS   : 0.000

Type  : Fast 1200mV -40C Model Hold 'PHY_RX_CLOCK'
Slack : 0.592
TNS   : 0.000

Type  : Fast 1200mV -40C Model Hold 'PLL_IF_inst|altpll_component|auto_generated|pll1|clk[0]'
Slack : 0.830
TNS   : 0.000

Type  : Fast 1200mV -40C Model Hold '_122MHz'
Slack : 4.356
TNS   : 0.000

Type  : Fast 1200mV -40C Model Hold 'data_clk'
Slack : 12.013
TNS   : 0.000

Type  : Fast 1200mV -40C Model Hold 'data_clk2'
Slack : 12.996
TNS   : 0.000

Type  : Fast 1200mV -40C Model Recovery 'network_inst|tx_pll_inst|altpll_component|auto_generated|pll1|clk[0]'
Slack : 4.521
TNS   : 0.000

Type  : Fast 1200mV -40C Model Recovery 'PHY_RX_CLOCK'
Slack : 7.544
TNS   : 0.000

Type  : Fast 1200mV -40C Model Recovery 'LTC2208_122MHz'
Slack : 13.835
TNS   : 0.000

Type  : Fast 1200mV -40C Model Recovery 'network_inst|tx_pll_inst|altpll_component|auto_generated|pll1|clk[2]'
Slack : 37.988
TNS   : 0.000

Type  : Fast 1200mV -40C Model Removal 'network_inst|tx_pll_inst|altpll_component|auto_generated|pll1|clk[0]'
Slack : 0.762
TNS   : 0.000

Type  : Fast 1200mV -40C Model Removal 'PHY_RX_CLOCK'
Slack : 1.590
TNS   : 0.000

Type  : Fast 1200mV -40C Model Removal 'LTC2208_122MHz'
Slack : 2.169
TNS   : 0.000

Type  : Fast 1200mV -40C Model Removal 'network_inst|tx_pll_inst|altpll_component|auto_generated|pll1|clk[2]'
Slack : 40.850
TNS   : 0.000

Type  : Fast 1200mV -40C Model Minimum Pulse Width 'PHY_RX_CLOCK'
Slack : 3.192
TNS   : 0.000

Type  : Fast 1200mV -40C Model Minimum Pulse Width 'LTC2208_122MHz'
Slack : 3.255
TNS   : 0.000

Type  : Fast 1200mV -40C Model Minimum Pulse Width 'PHY_CLK125'
Slack : 3.422
TNS   : 0.000

Type  : Fast 1200mV -40C Model Minimum Pulse Width '_122MHz'
Slack : 3.487
TNS   : 0.000

Type  : Fast 1200mV -40C Model Minimum Pulse Width 'network_inst|tx_pll_inst|altpll_component|auto_generated|pll1|clk[0]'
Slack : 3.744
TNS   : 0.000

Type  : Fast 1200mV -40C Model Minimum Pulse Width 'tx_clock'
Slack : 3.744
TNS   : 0.000

Type  : Fast 1200mV -40C Model Minimum Pulse Width 'PLL_IF_inst|altpll_component|auto_generated|pll1|clk[0]'
Slack : 3.846
TNS   : 0.000

Type  : Fast 1200mV -40C Model Minimum Pulse Width 'LTC2208_122MHz_2'
Slack : 4.138
TNS   : 0.000

Type  : Fast 1200mV -40C Model Minimum Pulse Width 'PLL_30MHz_inst|altpll_component|auto_generated|pll1|clk[0]'
Slack : 16.050
TNS   : 0.000

Type  : Fast 1200mV -40C Model Minimum Pulse Width 'CLOCK_25MHZ'
Slack : 19.265
TNS   : 0.000

Type  : Fast 1200mV -40C Model Minimum Pulse Width 'network_inst|tx_pll_inst|altpll_component|auto_generated|pll1|clk[2]'
Slack : 39.745
TNS   : 0.000

Type  : Fast 1200mV -40C Model Minimum Pulse Width 'PLL_IF_inst|altpll_component|auto_generated|pll1|clk[1]'
Slack : 40.435
TNS   : 0.000

Type  : Fast 1200mV -40C Model Minimum Pulse Width 'CMCLK'
Slack : 77.380
TNS   : 0.000

Type  : Fast 1200mV -40C Model Minimum Pulse Width 'OSC_10MHZ'
Slack : 96.000
TNS   : 0.000

Type  : Fast 1200mV -40C Model Minimum Pulse Width 'PLL_IF_inst|altpll_component|auto_generated|pll1|clk[2]'
Slack : 162.504
TNS   : 0.000

Type  : Fast 1200mV -40C Model Minimum Pulse Width 'network_inst|tx_pll_inst|altpll_component|auto_generated|pll1|clk[3]'
Slack : 199.779
TNS   : 0.000

Type  : Fast 1200mV -40C Model Minimum Pulse Width 'CBCLK'
Slack : 321.520
TNS   : 0.000

Type  : Fast 1200mV -40C Model Minimum Pulse Width 'PLL_IF_inst|altpll_component|auto_generated|pll1|clk[3]'
Slack : 10416.390
TNS   : 0.000

Type  : Fast 1200mV -40C Model Minimum Pulse Width 'CLRCIN'
Slack : 20829.280
TNS   : 0.000

Type  : Fast 1200mV -40C Model Minimum Pulse Width 'CLRCOUT'
Slack : 20829.280
TNS   : 0.000

------------------------------------------------------------
