Flow report for Orion
Sun Apr  7 11:30:40 2024
Quartus Prime Version 20.1.1 Build 720 11/11/2020 SJ Lite Edition


---------------------
; Table of Contents ;
---------------------
  1. Legal Notice
  2. Flow Summary
  3. Flow Settings
  4. Flow Non-Default Global Settings
  5. Flow Elapsed Time
  6. Flow OS Summary
  7. Flow Log
  8. Flow Messages
  9. Flow Suppressed Messages



----------------
; Legal Notice ;
----------------
Copyright (C) 2020  Intel Corporation. All rights reserved.
Your use of Intel Corporation's design tools, logic functions 
and other software and tools, and any partner logic 
functions, and any output files from any of the foregoing 
(including device programming or simulation files), and any 
associated documentation or information are expressly subject 
to the terms and conditions of the Intel Program License 
Subscription Agreement, the Intel Quartus Prime License Agreement,
the Intel FPGA IP License Agreement, or other applicable license
agreement, including, without limitation, that your use is for
the sole purpose of programming logic devices manufactured by
Intel and sold by Intel or its authorized distributors.  Please
refer to the applicable agreement for further details, at
https://fpgasoftware.intel.com/eula.



+----------------------------------------------------------------------------------+
; Flow Summary                                                                     ;
+------------------------------------+---------------------------------------------+
; Flow Status                        ; Successful - Sun Apr  7 11:29:59 2024       ;
; Quartus Prime Version              ; 20.1.1 Build 720 11/11/2020 SJ Lite Edition ;
; Revision Name                      ; Orion                                       ;
; Top-level Entity Name              ; Orion                                       ;
; Family                             ; Cyclone IV E                                ;
; Device                             ; EP4CE115F29I7                               ;
; Timing Models                      ; Final                                       ;
; Total logic elements               ; 92,564 / 114,480 ( 81 % )                   ;
;     Total combinational functions  ; 72,736 / 114,480 ( 64 % )                   ;
;     Dedicated logic registers      ; 74,853 / 114,480 ( 65 % )                   ;
; Total registers                    ; 74863                                       ;
; Total pins                         ; 167 / 529 ( 32 % )                          ;
; Total virtual pins                 ; 0                                           ;
; Total memory bits                  ; 1,226,400 / 3,981,312 ( 31 % )              ;
; Embedded Multiplier 9-bit elements ; 298 / 532 ( 56 % )                          ;
; Total PLLs                         ; 4 / 4 ( 100 % )                             ;
+------------------------------------+---------------------------------------------+


+-----------------------------------------+
; Flow Settings                           ;
+-------------------+---------------------+
; Option            ; Setting             ;
+-------------------+---------------------+
; Start date & time ; 04/07/2024 11:11:17 ;
; Main task         ; Compilation         ;
; Revision Name     ; Orion               ;
+-------------------+---------------------+


+-----------------------------------------------------------------------------------------------------------------------------+
; Flow Non-Default Global Settings                                                                                            ;
+-----------------------------------------+----------------------------------------+---------------+-------------+------------+
; Assignment Name                         ; Value                                  ; Default Value ; Entity Name ; Section Id ;
+-----------------------------------------+----------------------------------------+---------------+-------------+------------+
; ADV_NETLIST_OPT_SYNTH_WYSIWYG_REMAP     ; On                                     ; Off           ; --          ; --         ;
; ALLOW_POWER_UP_DONT_CARE                ; Off                                    ; On            ; --          ; --         ;
; ALLOW_REGISTER_RETIMING                 ; Off                                    ; On            ; --          ; --         ;
; AUTO_MERGE_PLLS                         ; Off                                    ; On            ; --          ; --         ;
; COMPILER_SIGNATURE_ID                   ; 26601950300764.171250267705300         ; --            ; --          ; --         ;
; FITTER_AUTO_EFFORT_DESIRED_SLACK_MARGIN ; 1 ns                                   ; 0 ns          ; --          ; --         ;
; MAX_CORE_JUNCTION_TEMP                  ; 100                                    ; --            ; --          ; --         ;
; MIN_CORE_JUNCTION_TEMP                  ; -40                                    ; --            ; --          ; --         ;
; MISC_FILE                               ; PLL_IF.ppf                             ; --            ; --          ; --         ;
; MISC_FILE                               ; C122_PLL_bb.v                          ; --            ; --          ; --         ;
; MISC_FILE                               ; C122_PLL.ppf                           ; --            ; --          ; --         ;
; MISC_FILE                               ; tx_pll.ppf                             ; --            ; --          ; --         ;
; MISC_FILE                               ; PLL_30MHz_bb.v                         ; --            ; --          ; --         ;
; MISC_FILE                               ; PLL_30MHz.ppf                          ; --            ; --          ; --         ;
; NUM_PARALLEL_PROCESSORS                 ; All                                    ; --            ; --          ; --         ;
; OPTIMIZATION_MODE                       ; High Performance Effort                ; Balanced      ; --          ; --         ;
; OUTPUT_IO_TIMING_FAR_END_VMEAS          ; Half Signal Swing                      ; --            ; --          ; --         ;
; OUTPUT_IO_TIMING_FAR_END_VMEAS          ; Half Signal Swing                      ; --            ; --          ; --         ;
; OUTPUT_IO_TIMING_NEAR_END_VMEAS         ; Half Vccio                             ; --            ; --          ; --         ;
; OUTPUT_IO_TIMING_NEAR_END_VMEAS         ; Half Vccio                             ; --            ; --          ; --         ;
; PARTITION_COLOR                         ; -- (Not supported for targeted family) ; --            ; --          ; Top        ;
; PARTITION_FITTER_PRESERVATION_LEVEL     ; -- (Not supported for targeted family) ; --            ; --          ; Top        ;
; PARTITION_NETLIST_TYPE                  ; -- (Not supported for targeted family) ; --            ; --          ; Top        ;
; PLACEMENT_EFFORT_MULTIPLIER             ; 4.0                                    ; 1.0           ; --          ; --         ;
; POWER_BOARD_THERMAL_MODEL               ; None (CONSERVATIVE)                    ; --            ; --          ; --         ;
; POWER_PRESET_COOLING_SOLUTION           ; 15 MM HEAT SINK WITH STILL AIR         ; --            ; --          ; --         ;
; POWER_USE_DEVICE_CHARACTERISTICS        ; MAXIMUM                                ; TYPICAL       ; --          ; --         ;
; POWER_USE_TA_VALUE                      ; 17                                     ; 25            ; --          ; --         ;
; PRE_FLOW_SCRIPT_FILE                    ; quartus_sh:make_datetime.tcl           ; --            ; --          ; --         ;
; ROUTER_TIMING_OPTIMIZATION_LEVEL        ; MAXIMUM                                ; Normal        ; --          ; --         ;
; SEARCH_PATH                             ; ethernet/                              ; --            ; --          ; --         ;
; SEARCH_PATH                             ; Polyphase_FIR/                         ; --            ; --          ; --         ;
; SEED                                    ; 2                                      ; 1             ; --          ; --         ;
; VERILOG_INPUT_VERSION                   ; SystemVerilog_2005                     ; Verilog_2001  ; --          ; --         ;
; VERILOG_SHOW_LMF_MAPPING_MESSAGES       ; Off                                    ; --            ; --          ; --         ;
+-----------------------------------------+----------------------------------------+---------------+-------------+------------+


+--------------------------------------------------------------------------------------------------------------------------+
; Flow Elapsed Time                                                                                                        ;
+----------------------+--------------+-------------------------+---------------------+------------------------------------+
; Module Name          ; Elapsed Time ; Average Processors Used ; Peak Virtual Memory ; Total CPU Time (on all processors) ;
+----------------------+--------------+-------------------------+---------------------+------------------------------------+
; Analysis & Synthesis ; 00:03:32     ; 1.1                     ; 1632 MB             ; 00:03:51                           ;
; Fitter               ; 00:14:27     ; 1.5                     ; 4323 MB             ; 01:17:16                           ;
; Assembler            ; 00:00:11     ; 1.0                     ; 692 MB              ; 00:00:11                           ;
; Timing Analyzer      ; 00:00:39     ; 2.2                     ; 1671 MB             ; 00:01:06                           ;
; Total                ; 00:18:49     ; --                      ; --                  ; 01:22:24                           ;
+----------------------+--------------+-------------------------+---------------------+------------------------------------+


+------------------------------------------------------------------------------------------+
; Flow OS Summary                                                                          ;
+----------------------+------------------+------------------+------------+----------------+
; Module Name          ; Machine Hostname ; OS Name          ; OS Version ; Processor type ;
+----------------------+------------------+------------------+------------+----------------+
; Analysis & Synthesis ; n1gp             ; Debian GNU/Linux ; 12         ; x86_64         ;
; Fitter               ; n1gp             ; Debian GNU/Linux ; 12         ; x86_64         ;
; Assembler            ; n1gp             ; Debian GNU/Linux ; 12         ; x86_64         ;
; Timing Analyzer      ; n1gp             ; Debian GNU/Linux ; 12         ; x86_64         ;
+----------------------+------------------+------------------+------------+----------------+


------------
; Flow Log ;
------------
quartus_map --read_settings_files=on --write_settings_files=off Orion -c Orion
quartus_fit --read_settings_files=off --write_settings_files=off Orion -c Orion
quartus_asm --read_settings_files=off --write_settings_files=off Orion -c Orion
quartus_sta Orion -c Orion



