------------------------------------------------------------
Timing Analyzer Summary
------------------------------------------------------------

Type  : Slow 1200mV 100C Model Setup 'LTC2208_122MHz'
Slack : 1.341
TNS   : 0.000

Type  : Slow 1200mV 100C Model Setup 'PLL_IF_inst|altpll_component|auto_generated|pll1|clk[0]'
Slack : 1.440
TNS   : 0.000

Type  : Slow 1200mV 100C Model Setup 'PHY_RX_CLOCK'
Slack : 1.621
TNS   : 0.000

Type  : Slow 1200mV 100C Model Setup '_122MHz'
Slack : 2.795
TNS   : 0.000

Type  : Slow 1200mV 100C Model Setup 'network_inst|tx_pll_inst|altpll_component|auto_generated|pll1|clk[0]'
Slack : 2.933
TNS   : 0.000

Type  : Slow 1200mV 100C Model Setup 'network_inst|tx_pll_inst|altpll_component|auto_generated|pll1|clk[2]'
Slack : 3.688
TNS   : 0.000

Type  : Slow 1200mV 100C Model Setup 'tx_clock'
Slack : 4.489
TNS   : 0.000

Type  : Slow 1200mV 100C Model Setup 'PLL_30MHz_inst|altpll_component|auto_generated|pll1|clk[0]'
Slack : 13.659
TNS   : 0.000

Type  : Slow 1200mV 100C Model Setup 'data_clk2'
Slack : 13.954
TNS   : 0.000

Type  : Slow 1200mV 100C Model Setup 'CLOCK_25MHZ'
Slack : 36.654
TNS   : 0.000

Type  : Slow 1200mV 100C Model Setup 'data_clk'
Slack : 55.488
TNS   : 0.000

Type  : Slow 1200mV 100C Model Setup 'PLL_IF_inst|altpll_component|auto_generated|pll1|clk[2]'
Slack : 70.283
TNS   : 0.000

Type  : Slow 1200mV 100C Model Setup 'PLL_IF_inst|altpll_component|auto_generated|pll1|clk[3]'
Slack : 74.510
TNS   : 0.000

Type  : Slow 1200mV 100C Model Setup 'PLL_IF_inst|altpll_component|auto_generated|pll1|clk[1]'
Slack : 76.666
TNS   : 0.000

Type  : Slow 1200mV 100C Model Setup 'network_inst|tx_pll_inst|altpll_component|auto_generated|pll1|clk[3]'
Slack : 142.415
TNS   : 0.000

Type  : Slow 1200mV 100C Model Hold 'PLL_IF_inst|altpll_component|auto_generated|pll1|clk[2]'
Slack : 0.338
TNS   : 0.000

Type  : Slow 1200mV 100C Model Hold 'network_inst|tx_pll_inst|altpll_component|auto_generated|pll1|clk[2]'
Slack : 0.361
TNS   : 0.000

Type  : Slow 1200mV 100C Model Hold 'network_inst|tx_pll_inst|altpll_component|auto_generated|pll1|clk[0]'
Slack : 0.389
TNS   : 0.000

Type  : Slow 1200mV 100C Model Hold 'tx_clock'
Slack : 0.389
TNS   : 0.000

Type  : Slow 1200mV 100C Model Hold 'network_inst|tx_pll_inst|altpll_component|auto_generated|pll1|clk[3]'
Slack : 0.407
TNS   : 0.000

Type  : Slow 1200mV 100C Model Hold 'PLL_IF_inst|altpll_component|auto_generated|pll1|clk[1]'
Slack : 0.408
TNS   : 0.000

Type  : Slow 1200mV 100C Model Hold 'PLL_IF_inst|altpll_component|auto_generated|pll1|clk[3]'
Slack : 0.408
TNS   : 0.000

Type  : Slow 1200mV 100C Model Hold 'PLL_30MHz_inst|altpll_component|auto_generated|pll1|clk[0]'
Slack : 0.410
TNS   : 0.000

Type  : Slow 1200mV 100C Model Hold 'CLOCK_25MHZ'
Slack : 0.414
TNS   : 0.000

Type  : Slow 1200mV 100C Model Hold 'PHY_RX_CLOCK'
Slack : 1.131
TNS   : 0.000

Type  : Slow 1200mV 100C Model Hold 'LTC2208_122MHz'
Slack : 1.208
TNS   : 0.000

Type  : Slow 1200mV 100C Model Hold 'PLL_IF_inst|altpll_component|auto_generated|pll1|clk[0]'
Slack : 1.697
TNS   : 0.000

Type  : Slow 1200mV 100C Model Hold '_122MHz'
Slack : 6.029
TNS   : 0.000

Type  : Slow 1200mV 100C Model Hold 'data_clk'
Slack : 13.374
TNS   : 0.000

Type  : Slow 1200mV 100C Model Hold 'data_clk2'
Slack : 14.948
TNS   : 0.000

Type  : Slow 1200mV 100C Model Recovery 'network_inst|tx_pll_inst|altpll_component|auto_generated|pll1|clk[0]'
Slack : 1.706
TNS   : 0.000

Type  : Slow 1200mV 100C Model Recovery 'PHY_RX_CLOCK'
Slack : 2.617
TNS   : 0.000

Type  : Slow 1200mV 100C Model Recovery 'LTC2208_122MHz'
Slack : 9.892
TNS   : 0.000

Type  : Slow 1200mV 100C Model Recovery 'network_inst|tx_pll_inst|altpll_component|auto_generated|pll1|clk[2]'
Slack : 36.209
TNS   : 0.000

Type  : Slow 1200mV 100C Model Removal 'network_inst|tx_pll_inst|altpll_component|auto_generated|pll1|clk[0]'
Slack : 2.669
TNS   : 0.000

Type  : Slow 1200mV 100C Model Removal 'PHY_RX_CLOCK'
Slack : 2.775
TNS   : 0.000

Type  : Slow 1200mV 100C Model Removal 'LTC2208_122MHz'
Slack : 3.378
TNS   : 0.000

Type  : Slow 1200mV 100C Model Removal 'network_inst|tx_pll_inst|altpll_component|auto_generated|pll1|clk[2]'
Slack : 42.358
TNS   : 0.000

Type  : Slow 1200mV 100C Model Minimum Pulse Width 'PHY_RX_CLOCK'
Slack : 3.466
TNS   : 0.000

Type  : Slow 1200mV 100C Model Minimum Pulse Width 'LTC2208_122MHz'
Slack : 3.485
TNS   : 0.000

Type  : Slow 1200mV 100C Model Minimum Pulse Width 'network_inst|tx_pll_inst|altpll_component|auto_generated|pll1|clk[0]'
Slack : 3.692
TNS   : 0.000

Type  : Slow 1200mV 100C Model Minimum Pulse Width 'tx_clock'
Slack : 3.692
TNS   : 0.000

Type  : Slow 1200mV 100C Model Minimum Pulse Width 'PLL_IF_inst|altpll_component|auto_generated|pll1|clk[0]'
Slack : 3.765
TNS   : 0.000

Type  : Slow 1200mV 100C Model Minimum Pulse Width 'PHY_CLK125'
Slack : 3.813
TNS   : 0.000

Type  : Slow 1200mV 100C Model Minimum Pulse Width '_122MHz'
Slack : 3.874
TNS   : 0.000

Type  : Slow 1200mV 100C Model Minimum Pulse Width 'LTC2208_122MHz_2'
Slack : 4.138
TNS   : 0.000

Type  : Slow 1200mV 100C Model Minimum Pulse Width 'PLL_30MHz_inst|altpll_component|auto_generated|pll1|clk[0]'
Slack : 15.970
TNS   : 0.000

Type  : Slow 1200mV 100C Model Minimum Pulse Width 'CLOCK_25MHZ'
Slack : 19.690
TNS   : 0.000

Type  : Slow 1200mV 100C Model Minimum Pulse Width 'network_inst|tx_pll_inst|altpll_component|auto_generated|pll1|clk[2]'
Slack : 39.702
TNS   : 0.000

Type  : Slow 1200mV 100C Model Minimum Pulse Width 'PLL_IF_inst|altpll_component|auto_generated|pll1|clk[1]'
Slack : 40.392
TNS   : 0.000

Type  : Slow 1200mV 100C Model Minimum Pulse Width 'CMCLK'
Slack : 77.170
TNS   : 0.000

Type  : Slow 1200mV 100C Model Minimum Pulse Width 'OSC_10MHZ'
Slack : 96.000
TNS   : 0.000

Type  : Slow 1200mV 100C Model Minimum Pulse Width 'PLL_IF_inst|altpll_component|auto_generated|pll1|clk[2]'
Slack : 162.383
TNS   : 0.000

Type  : Slow 1200mV 100C Model Minimum Pulse Width 'network_inst|tx_pll_inst|altpll_component|auto_generated|pll1|clk[3]'
Slack : 199.705
TNS   : 0.000

Type  : Slow 1200mV 100C Model Minimum Pulse Width 'CBCLK'
Slack : 321.310
TNS   : 0.000

Type  : Slow 1200mV 100C Model Minimum Pulse Width 'PLL_IF_inst|altpll_component|auto_generated|pll1|clk[3]'
Slack : 10416.338
TNS   : 0.000

Type  : Slow 1200mV 100C Model Minimum Pulse Width 'CLRCIN'
Slack : 20829.070
TNS   : 0.000

Type  : Slow 1200mV 100C Model Minimum Pulse Width 'CLRCOUT'
Slack : 20829.070
TNS   : 0.000

Type  : Slow 1200mV -40C Model Setup 'LTC2208_122MHz'
Slack : 1.778
TNS   : 0.000

Type  : Slow 1200mV -40C Model Setup 'PLL_IF_inst|altpll_component|auto_generated|pll1|clk[0]'
Slack : 2.236
TNS   : 0.000

Type  : Slow 1200mV -40C Model Setup 'PHY_RX_CLOCK'
Slack : 2.356
TNS   : 0.000

Type  : Slow 1200mV -40C Model Setup '_122MHz'
Slack : 3.319
TNS   : 0.000

Type  : Slow 1200mV -40C Model Setup 'network_inst|tx_pll_inst|altpll_component|auto_generated|pll1|clk[0]'
Slack : 3.473
TNS   : 0.000

Type  : Slow 1200mV -40C Model Setup 'network_inst|tx_pll_inst|altpll_component|auto_generated|pll1|clk[2]'
Slack : 4.217
TNS   : 0.000

Type  : Slow 1200mV -40C Model Setup 'tx_clock'
Slack : 6.625
TNS   : 0.000

Type  : Slow 1200mV -40C Model Setup 'data_clk2'
Slack : 15.081
TNS   : 0.000

Type  : Slow 1200mV -40C Model Setup 'PLL_30MHz_inst|altpll_component|auto_generated|pll1|clk[0]'
Slack : 15.247
TNS   : 0.000

Type  : Slow 1200mV -40C Model Setup 'CLOCK_25MHZ'
Slack : 37.163
TNS   : 0.000

Type  : Slow 1200mV -40C Model Setup 'data_clk'
Slack : 56.042
TNS   : 0.000

Type  : Slow 1200mV -40C Model Setup 'PLL_IF_inst|altpll_component|auto_generated|pll1|clk[2]'
Slack : 71.496
TNS   : 0.000

Type  : Slow 1200mV -40C Model Setup 'PLL_IF_inst|altpll_component|auto_generated|pll1|clk[3]'
Slack : 75.314
TNS   : 0.000

Type  : Slow 1200mV -40C Model Setup 'PLL_IF_inst|altpll_component|auto_generated|pll1|clk[1]'
Slack : 77.217
TNS   : 0.000

Type  : Slow 1200mV -40C Model Setup 'network_inst|tx_pll_inst|altpll_component|auto_generated|pll1|clk[3]'
Slack : 144.612
TNS   : 0.000

Type  : Slow 1200mV -40C Model Hold 'network_inst|tx_pll_inst|altpll_component|auto_generated|pll1|clk[0]'
Slack : 0.320
TNS   : 0.000

Type  : Slow 1200mV -40C Model Hold 'tx_clock'
Slack : 0.320
TNS   : 0.000

Type  : Slow 1200mV -40C Model Hold 'PLL_IF_inst|altpll_component|auto_generated|pll1|clk[1]'
Slack : 0.336
TNS   : 0.000

Type  : Slow 1200mV -40C Model Hold 'PLL_IF_inst|altpll_component|auto_generated|pll1|clk[2]'
Slack : 0.336
TNS   : 0.000

Type  : Slow 1200mV -40C Model Hold 'PLL_IF_inst|altpll_component|auto_generated|pll1|clk[3]'
Slack : 0.336
TNS   : 0.000

Type  : Slow 1200mV -40C Model Hold 'network_inst|tx_pll_inst|altpll_component|auto_generated|pll1|clk[3]'
Slack : 0.336
TNS   : 0.000

Type  : Slow 1200mV -40C Model Hold 'PLL_30MHz_inst|altpll_component|auto_generated|pll1|clk[0]'
Slack : 0.338
TNS   : 0.000

Type  : Slow 1200mV -40C Model Hold 'network_inst|tx_pll_inst|altpll_component|auto_generated|pll1|clk[2]'
Slack : 0.338
TNS   : 0.000

Type  : Slow 1200mV -40C Model Hold 'CLOCK_25MHZ'
Slack : 0.352
TNS   : 0.000

Type  : Slow 1200mV -40C Model Hold 'PHY_RX_CLOCK'
Slack : 1.114
TNS   : 0.000

Type  : Slow 1200mV -40C Model Hold 'LTC2208_122MHz'
Slack : 1.280
TNS   : 0.000

Type  : Slow 1200mV -40C Model Hold 'PLL_IF_inst|altpll_component|auto_generated|pll1|clk[0]'
Slack : 1.496
TNS   : 0.000

Type  : Slow 1200mV -40C Model Hold '_122MHz'
Slack : 5.578
TNS   : 0.000

Type  : Slow 1200mV -40C Model Hold 'data_clk'
Slack : 12.915
TNS   : 0.000

Type  : Slow 1200mV -40C Model Hold 'data_clk2'
Slack : 14.288
TNS   : 0.000

Type  : Slow 1200mV -40C Model Recovery 'network_inst|tx_pll_inst|altpll_component|auto_generated|pll1|clk[0]'
Slack : 2.612
TNS   : 0.000

Type  : Slow 1200mV -40C Model Recovery 'PHY_RX_CLOCK'
Slack : 3.471
TNS   : 0.000

Type  : Slow 1200mV -40C Model Recovery 'LTC2208_122MHz'
Slack : 10.868
TNS   : 0.000

Type  : Slow 1200mV -40C Model Recovery 'network_inst|tx_pll_inst|altpll_component|auto_generated|pll1|clk[2]'
Slack : 36.665
TNS   : 0.000

Type  : Slow 1200mV -40C Model Removal 'network_inst|tx_pll_inst|altpll_component|auto_generated|pll1|clk[0]'
Slack : 2.338
TNS   : 0.000

Type  : Slow 1200mV -40C Model Removal 'PHY_RX_CLOCK'
Slack : 2.531
TNS   : 0.000

Type  : Slow 1200mV -40C Model Removal 'LTC2208_122MHz'
Slack : 3.059
TNS   : 0.000

Type  : Slow 1200mV -40C Model Removal 'network_inst|tx_pll_inst|altpll_component|auto_generated|pll1|clk[2]'
Slack : 42.062
TNS   : 0.000

Type  : Slow 1200mV -40C Model Minimum Pulse Width 'PHY_RX_CLOCK'
Slack : 3.487
TNS   : 0.000

Type  : Slow 1200mV -40C Model Minimum Pulse Width 'LTC2208_122MHz'
Slack : 3.510
TNS   : 0.000

Type  : Slow 1200mV -40C Model Minimum Pulse Width 'network_inst|tx_pll_inst|altpll_component|auto_generated|pll1|clk[0]'
Slack : 3.673
TNS   : 0.000

Type  : Slow 1200mV -40C Model Minimum Pulse Width 'tx_clock'
Slack : 3.673
TNS   : 0.000

Type  : Slow 1200mV -40C Model Minimum Pulse Width 'PLL_IF_inst|altpll_component|auto_generated|pll1|clk[0]'
Slack : 3.743
TNS   : 0.000

Type  : Slow 1200mV -40C Model Minimum Pulse Width 'PHY_CLK125'
Slack : 3.806
TNS   : 0.000

Type  : Slow 1200mV -40C Model Minimum Pulse Width '_122MHz'
Slack : 3.878
TNS   : 0.000

Type  : Slow 1200mV -40C Model Minimum Pulse Width 'LTC2208_122MHz_2'
Slack : 4.138
TNS   : 0.000

Type  : Slow 1200mV -40C Model Minimum Pulse Width 'PLL_30MHz_inst|altpll_component|auto_generated|pll1|clk[0]'
Slack : 15.974
TNS   : 0.000

Type  : Slow 1200mV -40C Model Minimum Pulse Width 'CLOCK_25MHZ'
Slack : 19.702
TNS   : 0.000

Type  : Slow 1200mV -40C Model Minimum Pulse Width 'network_inst|tx_pll_inst|altpll_component|auto_generated|pll1|clk[2]'
Slack : 39.679
TNS   : 0.000

Type  : Slow 1200mV -40C Model Minimum Pulse Width 'PLL_IF_inst|altpll_component|auto_generated|pll1|clk[1]'
Slack : 40.392
TNS   : 0.000

Type  : Slow 1200mV -40C Model Minimum Pulse Width 'CMCLK'
Slack : 77.170
TNS   : 0.000

Type  : Slow 1200mV -40C Model Minimum Pulse Width 'OSC_10MHZ'
Slack : 96.000
TNS   : 0.000

Type  : Slow 1200mV -40C Model Minimum Pulse Width 'PLL_IF_inst|altpll_component|auto_generated|pll1|clk[2]'
Slack : 162.396
TNS   : 0.000

Type  : Slow 1200mV -40C Model Minimum Pulse Width 'network_inst|tx_pll_inst|altpll_component|auto_generated|pll1|clk[3]'
Slack : 199.682
TNS   : 0.000

Type  : Slow 1200mV -40C Model Minimum Pulse Width 'CBCLK'
Slack : 321.310
TNS   : 0.000

Type  : Slow 1200mV -40C Model Minimum Pulse Width 'PLL_IF_inst|altpll_component|auto_generated|pll1|clk[3]'
Slack : 10416.341
TNS   : 0.000

Type  : Slow 1200mV -40C Model Minimum Pulse Width 'CLRCIN'
Slack : 20829.070
TNS   : 0.000

Type  : Slow 1200mV -40C Model Minimum Pulse Width 'CLRCOUT'
Slack : 20829.070
TNS   : 0.000

Type  : Fast 1200mV -40C Model Setup 'LTC2208_122MHz'
Slack : 3.712
TNS   : 0.000

Type  : Fast 1200mV -40C Model Setup 'PLL_IF_inst|altpll_component|auto_generated|pll1|clk[0]'
Slack : 3.731
TNS   : 0.000

Type  : Fast 1200mV -40C Model Setup '_122MHz'
Slack : 4.960
TNS   : 0.000

Type  : Fast 1200mV -40C Model Setup 'PHY_RX_CLOCK'
Slack : 5.404
TNS   : 0.000

Type  : Fast 1200mV -40C Model Setup 'network_inst|tx_pll_inst|altpll_component|auto_generated|pll1|clk[0]'
Slack : 5.414
TNS   : 0.000

Type  : Fast 1200mV -40C Model Setup 'network_inst|tx_pll_inst|altpll_component|auto_generated|pll1|clk[2]'
Slack : 6.054
TNS   : 0.000

Type  : Fast 1200mV -40C Model Setup 'tx_clock'
Slack : 13.570
TNS   : 0.000

Type  : Fast 1200mV -40C Model Setup 'PLL_30MHz_inst|altpll_component|auto_generated|pll1|clk[0]'
Slack : 17.587
TNS   : 0.000

Type  : Fast 1200mV -40C Model Setup 'data_clk2'
Slack : 18.051
TNS   : 0.000

Type  : Fast 1200mV -40C Model Setup 'CLOCK_25MHZ'
Slack : 38.466
TNS   : 0.000

Type  : Fast 1200mV -40C Model Setup 'data_clk'
Slack : 58.351
TNS   : 0.000

Type  : Fast 1200mV -40C Model Setup 'PLL_IF_inst|altpll_component|auto_generated|pll1|clk[2]'
Slack : 75.733
TNS   : 0.000

Type  : Fast 1200mV -40C Model Setup 'PLL_IF_inst|altpll_component|auto_generated|pll1|clk[3]'
Slack : 77.869
TNS   : 0.000

Type  : Fast 1200mV -40C Model Setup 'PLL_IF_inst|altpll_component|auto_generated|pll1|clk[1]'
Slack : 79.214
TNS   : 0.000

Type  : Fast 1200mV -40C Model Setup 'network_inst|tx_pll_inst|altpll_component|auto_generated|pll1|clk[3]'
Slack : 151.088
TNS   : 0.000

Type  : Fast 1200mV -40C Model Hold 'PLL_IF_inst|altpll_component|auto_generated|pll1|clk[2]'
Slack : 0.128
TNS   : 0.000

Type  : Fast 1200mV -40C Model Hold 'network_inst|tx_pll_inst|altpll_component|auto_generated|pll1|clk[2]'
Slack : 0.144
TNS   : 0.000

Type  : Fast 1200mV -40C Model Hold 'network_inst|tx_pll_inst|altpll_component|auto_generated|pll1|clk[0]'
Slack : 0.166
TNS   : 0.000

Type  : Fast 1200mV -40C Model Hold 'tx_clock'
Slack : 0.166
TNS   : 0.000

Type  : Fast 1200mV -40C Model Hold 'network_inst|tx_pll_inst|altpll_component|auto_generated|pll1|clk[3]'
Slack : 0.173
TNS   : 0.000

Type  : Fast 1200mV -40C Model Hold 'PLL_IF_inst|altpll_component|auto_generated|pll1|clk[1]'
Slack : 0.174
TNS   : 0.000

Type  : Fast 1200mV -40C Model Hold 'PLL_IF_inst|altpll_component|auto_generated|pll1|clk[3]'
Slack : 0.174
TNS   : 0.000

Type  : Fast 1200mV -40C Model Hold 'PLL_30MHz_inst|altpll_component|auto_generated|pll1|clk[0]'
Slack : 0.176
TNS   : 0.000

Type  : Fast 1200mV -40C Model Hold 'CLOCK_25MHZ'
Slack : 0.179
TNS   : 0.000

Type  : Fast 1200mV -40C Model Hold 'LTC2208_122MHz'
Slack : 0.523
TNS   : 0.000

Type  : Fast 1200mV -40C Model Hold 'PHY_RX_CLOCK'
Slack : 0.594
TNS   : 0.000

Type  : Fast 1200mV -40C Model Hold 'PLL_IF_inst|altpll_component|auto_generated|pll1|clk[0]'
Slack : 0.743
TNS   : 0.000

Type  : Fast 1200mV -40C Model Hold '_122MHz'
Slack : 4.345
TNS   : 0.000

Type  : Fast 1200mV -40C Model Hold 'data_clk'
Slack : 11.681
TNS   : 0.000

Type  : Fast 1200mV -40C Model Hold 'data_clk2'
Slack : 12.376
TNS   : 0.000

Type  : Fast 1200mV -40C Model Recovery 'network_inst|tx_pll_inst|altpll_component|auto_generated|pll1|clk[0]'
Slack : 4.798
TNS   : 0.000

Type  : Fast 1200mV -40C Model Recovery 'PHY_RX_CLOCK'
Slack : 5.874
TNS   : 0.000

Type  : Fast 1200mV -40C Model Recovery 'LTC2208_122MHz'
Slack : 13.760
TNS   : 0.000

Type  : Fast 1200mV -40C Model Recovery 'network_inst|tx_pll_inst|altpll_component|auto_generated|pll1|clk[2]'
Slack : 37.977
TNS   : 0.000

Type  : Fast 1200mV -40C Model Removal 'network_inst|tx_pll_inst|altpll_component|auto_generated|pll1|clk[0]'
Slack : 1.223
TNS   : 0.000

Type  : Fast 1200mV -40C Model Removal 'PHY_RX_CLOCK'
Slack : 1.798
TNS   : 0.000

Type  : Fast 1200mV -40C Model Removal 'LTC2208_122MHz'
Slack : 2.047
TNS   : 0.000

Type  : Fast 1200mV -40C Model Removal 'network_inst|tx_pll_inst|altpll_component|auto_generated|pll1|clk[2]'
Slack : 41.085
TNS   : 0.000

Type  : Fast 1200mV -40C Model Minimum Pulse Width 'PHY_RX_CLOCK'
Slack : 3.192
TNS   : 0.000

Type  : Fast 1200mV -40C Model Minimum Pulse Width 'LTC2208_122MHz'
Slack : 3.255
TNS   : 0.000

Type  : Fast 1200mV -40C Model Minimum Pulse Width 'PHY_CLK125'
Slack : 3.422
TNS   : 0.000

Type  : Fast 1200mV -40C Model Minimum Pulse Width '_122MHz'
Slack : 3.487
TNS   : 0.000

Type  : Fast 1200mV -40C Model Minimum Pulse Width 'network_inst|tx_pll_inst|altpll_component|auto_generated|pll1|clk[0]'
Slack : 3.750
TNS   : 0.000

Type  : Fast 1200mV -40C Model Minimum Pulse Width 'tx_clock'
Slack : 3.750
TNS   : 0.000

Type  : Fast 1200mV -40C Model Minimum Pulse Width 'PLL_IF_inst|altpll_component|auto_generated|pll1|clk[0]'
Slack : 3.845
TNS   : 0.000

Type  : Fast 1200mV -40C Model Minimum Pulse Width 'LTC2208_122MHz_2'
Slack : 4.138
TNS   : 0.000

Type  : Fast 1200mV -40C Model Minimum Pulse Width 'PLL_30MHz_inst|altpll_component|auto_generated|pll1|clk[0]'
Slack : 16.050
TNS   : 0.000

Type  : Fast 1200mV -40C Model Minimum Pulse Width 'CLOCK_25MHZ'
Slack : 19.266
TNS   : 0.000

Type  : Fast 1200mV -40C Model Minimum Pulse Width 'network_inst|tx_pll_inst|altpll_component|auto_generated|pll1|clk[2]'
Slack : 39.746
TNS   : 0.000

Type  : Fast 1200mV -40C Model Minimum Pulse Width 'PLL_IF_inst|altpll_component|auto_generated|pll1|clk[1]'
Slack : 40.436
TNS   : 0.000

Type  : Fast 1200mV -40C Model Minimum Pulse Width 'CMCLK'
Slack : 77.380
TNS   : 0.000

Type  : Fast 1200mV -40C Model Minimum Pulse Width 'OSC_10MHZ'
Slack : 96.000
TNS   : 0.000

Type  : Fast 1200mV -40C Model Minimum Pulse Width 'PLL_IF_inst|altpll_component|auto_generated|pll1|clk[2]'
Slack : 162.506
TNS   : 0.000

Type  : Fast 1200mV -40C Model Minimum Pulse Width 'network_inst|tx_pll_inst|altpll_component|auto_generated|pll1|clk[3]'
Slack : 199.759
TNS   : 0.000

Type  : Fast 1200mV -40C Model Minimum Pulse Width 'CBCLK'
Slack : 321.520
TNS   : 0.000

Type  : Fast 1200mV -40C Model Minimum Pulse Width 'PLL_IF_inst|altpll_component|auto_generated|pll1|clk[3]'
Slack : 10416.389
TNS   : 0.000

Type  : Fast 1200mV -40C Model Minimum Pulse Width 'CLRCIN'
Slack : 20829.280
TNS   : 0.000

Type  : Fast 1200mV -40C Model Minimum Pulse Width 'CLRCOUT'
Slack : 20829.280
TNS   : 0.000

------------------------------------------------------------
