Assembler report for Orion
Sun Jun 14 02:15:03 2026
Quartus Prime Version 25.1std.0 Build 1129 10/21/2025 SC Lite Edition


---------------------
; Table of Contents ;
---------------------
  1. Legal Notice
  2. Assembler Summary
  3. Assembler Settings
  4. Assembler Generated Files
  5. Assembler Device Options: Orion.sof
  6. Assembler Device Options: Orion.pof
  7. Assembler Device Options: Orion.rbf
  8. Assembler Messages



----------------
; Legal Notice ;
----------------
Copyright (C) 2025  Altera Corporation. All rights reserved.
Your use of Altera Corporation's design tools, logic functions 
and other software and tools, and any partner logic 
functions, and any output files from any of the foregoing 
(including device programming or simulation files), and any 
associated documentation or information are expressly subject 
to the terms and conditions of the Altera Program License 
Subscription Agreement, the Altera Quartus Prime License Agreement,
the Altera IP License Agreement, or other applicable license
agreement, including, without limitation, that your use is for
the sole purpose of programming logic devices manufactured by
Altera and sold by Altera or its authorized distributors.  Please
refer to the Altera Software License Subscription Agreements 
on the Quartus Prime software download page.



+---------------------------------------------------------------+
; Assembler Summary                                             ;
+-----------------------+---------------------------------------+
; Assembler Status      ; Successful - Sun Jun 14 02:15:03 2026 ;
; Revision Name         ; Orion                                 ;
; Top-level Entity Name ; Orion                                 ;
; Family                ; Cyclone IV E                          ;
; Device                ; EP4CE115F29I7                         ;
+-----------------------+---------------------------------------+


+----------------------------------+
; Assembler Settings               ;
+--------+---------+---------------+
; Option ; Setting ; Default Value ;
+--------+---------+---------------+


+-----------------------------------------------------------------------------+
; Assembler Generated Files                                                   ;
+-----------------------------------------------------------------------------+
; File Name                                                                   ;
+-----------------------------------------------------------------------------+
; /home/mh/Desktop/SDR/HPSDR/LATEST/ANVELINA/Anvelina_PROIII_deluxe/Orion.sof ;
; /home/mh/Desktop/SDR/HPSDR/LATEST/ANVELINA/Anvelina_PROIII_deluxe/Orion.pof ;
; /home/mh/Desktop/SDR/HPSDR/LATEST/ANVELINA/Anvelina_PROIII_deluxe/Orion.rbf ;
+-----------------------------------------------------------------------------+


+-------------------------------------+
; Assembler Device Options: Orion.sof ;
+----------------+--------------------+
; Option         ; Setting            ;
+----------------+--------------------+
; JTAG usercode  ; 0x03641E78         ;
; Checksum       ; 0x03641E78         ;
+----------------+--------------------+


+-------------------------------------+
; Assembler Device Options: Orion.pof ;
+--------------------+----------------+
; Option             ; Setting        ;
+--------------------+----------------+
; JTAG usercode      ; 0x00000000     ;
; Checksum           ; 0xEBCC9B66     ;
; Compression Ratio  ; 2              ;
+--------------------+----------------+


+-------------------------------------+
; Assembler Device Options: Orion.rbf ;
+---------------------+---------------+
; Option              ; Setting       ;
+---------------------+---------------+
; Raw Binary File     ;               ;
;  Compression Ratio  ; 2             ;
+---------------------+---------------+


+--------------------+
; Assembler Messages ;
+--------------------+
Info: *******************************************************************
Info: Running Quartus Prime Assembler
    Info: Version 25.1std.0 Build 1129 10/21/2025 SC Lite Edition
    Info: Processing started: Sun Jun 14 02:14:56 2026
Info: Command: quartus_asm --read_settings_files=off --write_settings_files=off Orion -c Orion
Info (115031): Writing out detailed assembly data for power analysis
Info (115030): Assembler is generating device programming files
Info: Quartus Prime Assembler was successful. 0 errors, 0 warnings
    Info: Peak virtual memory: 714 megabytes
    Info: Processing ended: Sun Jun 14 02:15:03 2026
    Info: Elapsed time: 00:00:07
    Info: Total CPU time (on all processors): 00:00:07


