Flow report for Orion
Sun Jun 14 02:15:31 2026
Quartus Prime Version 25.1std.0 Build 1129 10/21/2025 SC Lite Edition


---------------------
; Table of Contents ;
---------------------
  1. Legal Notice
  2. Flow Summary
  3. Flow Settings
  4. Flow Non-Default Global Settings
  5. Flow Elapsed Time
  6. Flow OS Summary
  7. Flow Log
  8. Flow Messages
  9. Flow Suppressed Messages



----------------
; Legal Notice ;
----------------
Copyright (C) 2025  Altera Corporation. All rights reserved.
Your use of Altera Corporation's design tools, logic functions 
and other software and tools, and any partner logic 
functions, and any output files from any of the foregoing 
(including device programming or simulation files), and any 
associated documentation or information are expressly subject 
to the terms and conditions of the Altera Program License 
Subscription Agreement, the Altera Quartus Prime License Agreement,
the Altera IP License Agreement, or other applicable license
agreement, including, without limitation, that your use is for
the sole purpose of programming logic devices manufactured by
Altera and sold by Altera or its authorized distributors.  Please
refer to the Altera Software License Subscription Agreements 
on the Quartus Prime software download page.



+--------------------------------------------------------------------------------------+
; Flow Summary                                                                         ;
+------------------------------------+-------------------------------------------------+
; Flow Status                        ; Successful - Sun Jun 14 02:15:03 2026           ;
; Quartus Prime Version              ; 25.1std.0 Build 1129 10/21/2025 SC Lite Edition ;
; Revision Name                      ; Orion                                           ;
; Top-level Entity Name              ; Orion                                           ;
; Family                             ; Cyclone IV E                                    ;
; Device                             ; EP4CE115F29I7                                   ;
; Timing Models                      ; Final                                           ;
; Total logic elements               ; 94,151 / 114,480 ( 82 % )                       ;
;     Total combinational functions  ; 73,365 / 114,480 ( 64 % )                       ;
;     Dedicated logic registers      ; 75,572 / 114,480 ( 66 % )                       ;
; Total registers                    ; 75582                                           ;
; Total pins                         ; 179 / 529 ( 34 % )                              ;
; Total virtual pins                 ; 0                                               ;
; Total memory bits                  ; 1,229,728 / 3,981,312 ( 31 % )                  ;
; Embedded Multiplier 9-bit elements ; 298 / 532 ( 56 % )                              ;
; Total PLLs                         ; 4 / 4 ( 100 % )                                 ;
+------------------------------------+-------------------------------------------------+


+-----------------------------------------+
; Flow Settings                           ;
+-------------------+---------------------+
; Option            ; Setting             ;
+-------------------+---------------------+
; Start date & time ; 06/14/2026 02:03:38 ;
; Main task         ; Compilation         ;
; Revision Name     ; Orion               ;
+-------------------+---------------------+


+-----------------------------------------------------------------------------------------------------------------------------+
; Flow Non-Default Global Settings                                                                                            ;
+-----------------------------------------+----------------------------------------+---------------+-------------+------------+
; Assignment Name                         ; Value                                  ; Default Value ; Entity Name ; Section Id ;
+-----------------------------------------+----------------------------------------+---------------+-------------+------------+
; ADV_NETLIST_OPT_SYNTH_WYSIWYG_REMAP     ; On                                     ; Off           ; --          ; --         ;
; ALLOW_POWER_UP_DONT_CARE                ; Off                                    ; On            ; --          ; --         ;
; ALLOW_REGISTER_RETIMING                 ; Off                                    ; On            ; --          ; --         ;
; AUTO_MERGE_PLLS                         ; Off                                    ; On            ; --          ; --         ;
; COMPILER_SIGNATURE_ID                   ; 26601950300764.178141701821213         ; --            ; --          ; --         ;
; FITTER_AUTO_EFFORT_DESIRED_SLACK_MARGIN ; 1 ns                                   ; 0 ns          ; --          ; --         ;
; MAX_CORE_JUNCTION_TEMP                  ; 100                                    ; --            ; --          ; --         ;
; MESSAGE_DISABLE                         ; 169177                                 ; --            ; --          ; --         ;
; MESSAGE_DISABLE                         ; 169180                                 ; --            ; --          ; --         ;
; MESSAGE_DISABLE                         ; 169203                                 ; --            ; --          ; --         ;
; MESSAGE_DISABLE                         ; 292013                                 ; --            ; --          ; --         ;
; MESSAGE_DISABLE                         ; 176598                                 ; --            ; --          ; --         ;
; MIN_CORE_JUNCTION_TEMP                  ; -40                                    ; --            ; --          ; --         ;
; MISC_FILE                               ; PLL_IF.ppf                             ; --            ; --          ; --         ;
; MISC_FILE                               ; C122_PLL_bb.v                          ; --            ; --          ; --         ;
; MISC_FILE                               ; C122_PLL.ppf                           ; --            ; --          ; --         ;
; MISC_FILE                               ; tx_pll.ppf                             ; --            ; --          ; --         ;
; MISC_FILE                               ; PLL_30MHz_bb.v                         ; --            ; --          ; --         ;
; MISC_FILE                               ; PLL_30MHz.ppf                          ; --            ; --          ; --         ;
; NUM_PARALLEL_PROCESSORS                 ; All                                    ; --            ; --          ; --         ;
; OPTIMIZATION_MODE                       ; High Performance Effort                ; Balanced      ; --          ; --         ;
; OUTPUT_IO_TIMING_FAR_END_VMEAS          ; Half Signal Swing                      ; --            ; --          ; --         ;
; OUTPUT_IO_TIMING_FAR_END_VMEAS          ; Half Signal Swing                      ; --            ; --          ; --         ;
; OUTPUT_IO_TIMING_NEAR_END_VMEAS         ; Half Vccio                             ; --            ; --          ; --         ;
; OUTPUT_IO_TIMING_NEAR_END_VMEAS         ; Half Vccio                             ; --            ; --          ; --         ;
; PARTITION_COLOR                         ; -- (Not supported for targeted family) ; --            ; --          ; Top        ;
; PARTITION_FITTER_PRESERVATION_LEVEL     ; -- (Not supported for targeted family) ; --            ; --          ; Top        ;
; PARTITION_NETLIST_TYPE                  ; -- (Not supported for targeted family) ; --            ; --          ; Top        ;
; PHYSICAL_SYNTHESIS_COMBO_LOGIC          ; On                                     ; Off           ; --          ; --         ;
; PLACEMENT_EFFORT_MULTIPLIER             ; 4.0                                    ; 1.0           ; --          ; --         ;
; POWER_BOARD_THERMAL_MODEL               ; None (CONSERVATIVE)                    ; --            ; --          ; --         ;
; POWER_PRESET_COOLING_SOLUTION           ; 15 MM HEAT SINK WITH STILL AIR         ; --            ; --          ; --         ;
; POWER_USE_DEVICE_CHARACTERISTICS        ; MAXIMUM                                ; TYPICAL       ; --          ; --         ;
; POWER_USE_TA_VALUE                      ; 17                                     ; 25            ; --          ; --         ;
; ROUTER_TIMING_OPTIMIZATION_LEVEL        ; MAXIMUM                                ; Normal        ; --          ; --         ;
; SEARCH_PATH                             ; ethernet/                              ; --            ; --          ; --         ;
; SEARCH_PATH                             ; Polyphase_FIR/                         ; --            ; --          ; --         ;
; SEED                                    ; 4                                      ; 1             ; --          ; --         ;
; VERILOG_INPUT_VERSION                   ; SystemVerilog_2005                     ; Verilog_2001  ; --          ; --         ;
; VERILOG_SHOW_LMF_MAPPING_MESSAGES       ; Off                                    ; --            ; --          ; --         ;
; VHDL_INPUT_VERSION                      ; VHDL_2008                              ; VHDL_1993     ; --          ; --         ;
; VHDL_SHOW_LMF_MAPPING_MESSAGES          ; Off                                    ; --            ; --          ; --         ;
+-----------------------------------------+----------------------------------------+---------------+-------------+------------+


+--------------------------------------------------------------------------------------------------------------------------+
; Flow Elapsed Time                                                                                                        ;
+----------------------+--------------+-------------------------+---------------------+------------------------------------+
; Module Name          ; Elapsed Time ; Average Processors Used ; Peak Virtual Memory ; Total CPU Time (on all processors) ;
+----------------------+--------------+-------------------------+---------------------+------------------------------------+
; Analysis & Synthesis ; 00:02:59     ; 1.2                     ; 1761 MB             ; 00:03:11                           ;
; Fitter               ; 00:07:57     ; 1.6                     ; 4437 MB             ; 00:34:52                           ;
; Assembler            ; 00:00:07     ; 1.0                     ; 714 MB              ; 00:00:07                           ;
; Timing Analyzer      ; 00:00:26     ; 2.1                     ; 1705 MB             ; 00:00:45                           ;
; Total                ; 00:11:29     ; --                      ; --                  ; 00:38:55                           ;
+----------------------+--------------+-------------------------+---------------------+------------------------------------+


+------------------------------------------------------------------------------------------+
; Flow OS Summary                                                                          ;
+----------------------+------------------+------------------+------------+----------------+
; Module Name          ; Machine Hostname ; OS Name          ; OS Version ; Processor type ;
+----------------------+------------------+------------------+------------+----------------+
; Analysis & Synthesis ; n1gp             ; Debian GNU/Linux ; 12         ; x86_64         ;
; Fitter               ; n1gp             ; Debian GNU/Linux ; 12         ; x86_64         ;
; Assembler            ; n1gp             ; Debian GNU/Linux ; 12         ; x86_64         ;
; Timing Analyzer      ; n1gp             ; Debian GNU/Linux ; 12         ; x86_64         ;
+----------------------+------------------+------------------+------------+----------------+


------------
; Flow Log ;
------------
quartus_map --read_settings_files=on --write_settings_files=off Orion -c Orion
quartus_fit --read_settings_files=off --write_settings_files=off Orion -c Orion
quartus_asm --read_settings_files=off --write_settings_files=off Orion -c Orion
quartus_sta Orion -c Orion



